Microsoft (R) Macro Assembler Version 6.11		    10/03/24 20:50:15
tempfile.asm						     Page 1 - 1


 0000				DATAS SEGMENT
				    ;此处输入数据段代码  
 0000				DATAS ENDS

 0000				STACKS SEGMENT
				    ;此处输入堆栈段代码
 0000				STACKS ENDS

 0000				CODES SEGMENT
				    ASSUME CS:CODES,DS:DATAS,SS:STACKS
 0000				START:
 0000  B8 ---- R		    MOV AX,DATAS
 0003  8E D8			    MOV DS,AX
 0005  B9 0004			    mov cx, 4 ; 设置循环次数为 4
 0008				loop1:
 0008  D1 E8			    shr ax, 1 ; 将 ax 右移一位
 000A  D1 DA			    rcr dx, 1 ; 将 dx 右移一位，同时将 ax 的最高位移入 dx 的最低位
 000C  E2 FA			    loop loop1
 000E  CD 21			    INT 21H
 0010				CODES ENDS
				    END START

Microsoft (R) Macro Assembler Version 6.11		    10/03/24 20:50:15
tempfile.asm						     Symbols 2 - 1




Segments and Groups:

                N a m e                 Size     Length   Align   Combine Class

CODES  . . . . . . . . . . . . .	16 Bit	 0010	  Para	  Private 
DATAS  . . . . . . . . . . . . .	16 Bit	 0000	  Para	  Private 
STACKS . . . . . . . . . . . . .	16 Bit	 0000	  Para	  Private 


Symbols:

                N a m e                 Type     Value    Attr

START  . . . . . . . . . . . . .	L Near	 0000	  CODES	
loop1  . . . . . . . . . . . . .	L Near	 0008	  CODES	

	   0 Warnings
	   0 Errors
