Microsoft (R) Macro Assembler Version 6.11		    10/03/24 20:46:38
tempfile.asm						     Page 1 - 1


 0000				DATAS SEGMENT
				    ;此处输入数据段代码  
 0000				DATAS ENDS

 0000				STACKS SEGMENT
				    ;此处输入堆栈段代码
 0000				STACKS ENDS

 0000				CODES SEGMENT
				    ASSUME CS:CODES,DS:DATAS,SS:STACKS
 0000				START:
 0000  B8 ---- R		    MOV AX,DATAS
 0003  8E D8			    MOV DS,AX
 0005  32 E4			    xor ah,ah;将ah清空
 0007  B0 0A			    mov al,10
 0009  8B D8			    mov bx,ax
 000B  B1 03			    mov cl,3
 000D  D3 E0			    shl ax,cl
 000F  03 C3			    add ax,bx
 0011  03 C3			    add ax,bx
 0013  B4 4C			    MOV AH,4CH
 0015  CD 21			    INT 21H
 0017				CODES ENDS
				    END START
Microsoft (R) Macro Assembler Version 6.11		    10/03/24 20:46:38
tempfile.asm						     Symbols 2 - 1




Segments and Groups:

                N a m e                 Size     Length   Align   Combine Class

CODES  . . . . . . . . . . . . .	16 Bit	 0017	  Para	  Private 
DATAS  . . . . . . . . . . . . .	16 Bit	 0000	  Para	  Private 
STACKS . . . . . . . . . . . . .	16 Bit	 0000	  Para	  Private 


Symbols:

                N a m e                 Type     Value    Attr

START  . . . . . . . . . . . . .	L Near	 0000	  CODES	

	   0 Warnings
	   0 Errors
