Microsoft (R) Macro Assembler Version 6.11		    10/03/24 21:13:02
tempfile.asm						     Page 1 - 1


 0000				DATAS SEGMENT
				    ;此处输入数据段代码  
 0000				DATAS ENDS

 0000				STACKS SEGMENT
				    ;此处输入堆栈段代码
 0000				STACKS ENDS

 0000				CODES SEGMENT
				    ASSUME CS:CODES,DS:DATAS,SS:STACKS
 0000				START:
 0000  B8 ---- R		    MOV AX,DATAS
 0003  8E D8			    MOV DS,AX
				    ;mov al, 0F7h
				   	;sar al, 1;商是-5,fb是-5
 0005  B3 02			   	mov bl, 2
 0007  B0 F7			   	mov al, 0F7h
 0009  B4 00			   	mov ah, 0 ; 设置高 8 位为 0，因为 idiv 是对 16 位寄存器进行操作
 000B  F6 FB			   	idiv bl ; 假设 bl = 2
 000D  B4 4C			    MOV AH,4CH
 000F  CD 21			    INT 21H
 0011				CODES ENDS
				    END START

Microsoft (R) Macro Assembler Version 6.11		    10/03/24 21:13:02
tempfile.asm						     Symbols 2 - 1




Segments and Groups:

                N a m e                 Size     Length   Align   Combine Class

CODES  . . . . . . . . . . . . .	16 Bit	 0011	  Para	  Private 
DATAS  . . . . . . . . . . . . .	16 Bit	 0000	  Para	  Private 
STACKS . . . . . . . . . . . . .	16 Bit	 0000	  Para	  Private 


Symbols:

                N a m e                 Type     Value    Attr

START  . . . . . . . . . . . . .	L Near	 0000	  CODES	

	   0 Warnings
	   0 Errors
