Microsoft (R) Macro Assembler Version 6.11		    10/16/24 11:00:31
tempfile.asm						     Page 1 - 1


 0000				DATAS SEGMENT
				    ;此处输入数据段代码  
 0000				DATAS ENDS

 0000				STACKS SEGMENT
				    ;此处输入堆栈段代码
 0000				STACKS ENDS

 0000				CODES SEGMENT
				    ASSUME CS:CODES,DS:DATAS,SS:STACKS
 0000				START:
 0000  B8 ---- R		    MOV AX,DATAS
 0003  8E D8			    MOV DS,AX
				    ;此处输入代码段代码
				    
 0005  B8 1470				MOV AX,1470H
 0008  23 C0				AND AX, AX
 000A  0B C0				OR AX, AX
 000C  F7 D0				NOT AX 
 000E  A9 F0F0				TEST AX,0F0F0H
 0011  B1 04				MOV CL,4
 0013  B0 F0				MOV AL, 0F0H
 0015  D0 F8				SAR AL,1
 0017  D2 F8				SAR AL, CL
 0019  B1 02				MOV CL,2
 001B  D2 C8				ROR AL, CL
 001D  B1 04				MOV CL,4
 001F  D2 D0				RCL AL,cl
				    
 0021  B4 4C			    MOV AH,4CH
 0023  CD 21			    INT 21H
 0025				CODES ENDS
				    END START
Microsoft (R) Macro Assembler Version 6.11		    10/16/24 11:00:31
tempfile.asm						     Symbols 2 - 1




Segments and Groups:

                N a m e                 Size     Length   Align   Combine Class

CODES  . . . . . . . . . . . . .	16 Bit	 0025	  Para	  Private 
DATAS  . . . . . . . . . . . . .	16 Bit	 0000	  Para	  Private 
STACKS . . . . . . . . . . . . .	16 Bit	 0000	  Para	  Private 


Symbols:

                N a m e                 Type     Value    Attr

START  . . . . . . . . . . . . .	L Near	 0000	  CODES	

	   0 Warnings
	   0 Errors
