Microsoft (R) Macro Assembler Version 6.11		    12/13/24 14:05:50
tempfile.asm						     Page 1 - 1


 0000				DATAS SEGMENT
 0000 0005			    X DW 5       
 0002 000A			    AX_VAR DW 10 
 0004 0014			    BX_VAR DW 20 
 0006				DATAS ENDS

 0000				STACKS SEGMENT
 0000  0080 [			    DB 128 DUP(0)
        00
       ]
 0080				STACKS ENDS

 0000				CODES SEGMENT
				    ASSUME CS:CODES, DS:DATAS, SS:STACKS

 0000				START:
				    ; 初始化段寄存器
 0000  B8 ---- R		    MOV AX, DATAS
 0003  8E D8			    MOV DS, AX
 0005  B8 ---- R		    MOV AX, STACKS
 0008  8E D0			    MOV SS, AX
 000A  BC 0080			    MOV SP, 128

				    ; 实现条件逻辑 .if(x == 5) && (ax != bx)
 000D  A1 0000 R		    MOV AX, X           ; 将 X 的值加载到 AX
 0010  83 F8 05			    CMP AX, 5           ; 比较 X 是否等于 5
 0013  75 0C			    JNE ed       ; 如果不等于 5，跳转到 ed

 0015  A1 0002 R		    MOV AX, AX_VAR  
 0018  8B 1E 0004 R		    MOV BX, BX_VAR   
 001C  3B C3			    CMP AX, BX          ; 比较 AX 和 BX 是否相等
 001E  74 01			    JE ed        ; 如果相等，跳转到 ed

 0020  40			    INC AX          ; AX 加 1

 0021				ed:
				    ; 程序结束
 0021  B4 4C			    MOV AH, 4CH         ; DOS 功能号 4CH：程序结束
 0023  CD 21			    INT 21H             ; 调用中断 21H

 0025				CODES ENDS
				    END START

Microsoft (R) Macro Assembler Version 6.11		    12/13/24 14:05:50
tempfile.asm						     Symbols 2 - 1




Segments and Groups:

                N a m e                 Size     Length   Align   Combine Class

CODES  . . . . . . . . . . . . .	16 Bit	 0025	  Para	  Private 
DATAS  . . . . . . . . . . . . .	16 Bit	 0006	  Para	  Private 
STACKS . . . . . . . . . . . . .	16 Bit	 0080	  Para	  Private 


Symbols:

                N a m e                 Type     Value    Attr

AX_VAR . . . . . . . . . . . . .	Word	 0002	  DATAS	
BX_VAR . . . . . . . . . . . . .	Word	 0004	  DATAS	
START  . . . . . . . . . . . . .	L Near	 0000	  CODES	
X  . . . . . . . . . . . . . . .	Word	 0000	  DATAS	
ed . . . . . . . . . . . . . . .	L Near	 0021	  CODES	

	   0 Warnings
	   0 Errors
