Microsoft (R) Macro Assembler Version 6.11		    12/13/24 15:15:32
tempfile.asm						     Page 1 - 1


 0000				DATA SEGMENT
				    ; 使用 REPT 指令生成 100 个双字数据
 0000				    DBL_WORDS LABEL DWORD ; 定义双字数据段标签
				    REPT 100
				        DW (($ - DBL_WORDS) / 4 + 1) * 2 ; 高字部分：依次生成 2, 4, 6, ..., 200
				        DW 0                             ; 低字部分：固定为 0
				    ENDM
 0000  0002		     1	        DW (($ - DBL_WORDS) / 4 + 1) * 2 ; 高字部分：依次生成 2, 4, 6, ..., 200
 0002  0000		     1	        DW 0                             ; 低字部分：固定为 0
 0004  0004		     1	        DW (($ - DBL_WORDS) / 4 + 1) * 2 ; 高字部分：依次生成 2, 4, 6, ..., 200
 0006  0000		     1	        DW 0                             ; 低字部分：固定为 0
 0008  0006		     1	        DW (($ - DBL_WORDS) / 4 + 1) * 2 ; 高字部分：依次生成 2, 4, 6, ..., 200
 000A  0000		     1	        DW 0                             ; 低字部分：固定为 0
 000C  0008		     1	        DW (($ - DBL_WORDS) / 4 + 1) * 2 ; 高字部分：依次生成 2, 4, 6, ..., 200
 000E  0000		     1	        DW 0                             ; 低字部分：固定为 0
 0010  000A		     1	        DW (($ - DBL_WORDS) / 4 + 1) * 2 ; 高字部分：依次生成 2, 4, 6, ..., 200
 0012  0000		     1	        DW 0                             ; 低字部分：固定为 0
 0014  000C		     1	        DW (($ - DBL_WORDS) / 4 + 1) * 2 ; 高字部分：依次生成 2, 4, 6, ..., 200
 0016  0000		     1	        DW 0                             ; 低字部分：固定为 0
 0018  000E		     1	        DW (($ - DBL_WORDS) / 4 + 1) * 2 ; 高字部分：依次生成 2, 4, 6, ..., 200
 001A  0000		     1	        DW 0                             ; 低字部分：固定为 0
 001C  0010		     1	        DW (($ - DBL_WORDS) / 4 + 1) * 2 ; 高字部分：依次生成 2, 4, 6, ..., 200
 001E  0000		     1	        DW 0                             ; 低字部分：固定为 0
 0020  0012		     1	        DW (($ - DBL_WORDS) / 4 + 1) * 2 ; 高字部分：依次生成 2, 4, 6, ..., 200
 0022  0000		     1	        DW 0                             ; 低字部分：固定为 0
 0024  0014		     1	        DW (($ - DBL_WORDS) / 4 + 1) * 2 ; 高字部分：依次生成 2, 4, 6, ..., 200
 0026  0000		     1	        DW 0                             ; 低字部分：固定为 0
 0028  0016		     1	        DW (($ - DBL_WORDS) / 4 + 1) * 2 ; 高字部分：依次生成 2, 4, 6, ..., 200
 002A  0000		     1	        DW 0                             ; 低字部分：固定为 0
 002C  0018		     1	        DW (($ - DBL_WORDS) / 4 + 1) * 2 ; 高字部分：依次生成 2, 4, 6, ..., 200
 002E  0000		     1	        DW 0                             ; 低字部分：固定为 0
 0030  001A		     1	        DW (($ - DBL_WORDS) / 4 + 1) * 2 ; 高字部分：依次生成 2, 4, 6, ..., 200
 0032  0000		     1	        DW 0                             ; 低字部分：固定为 0
 0034  001C		     1	        DW (($ - DBL_WORDS) / 4 + 1) * 2 ; 高字部分：依次生成 2, 4, 6, ..., 200
 0036  0000		     1	        DW 0                             ; 低字部分：固定为 0
 0038  001E		     1	        DW (($ - DBL_WORDS) / 4 + 1) * 2 ; 高字部分：依次生成 2, 4, 6, ..., 200
 003A  0000		     1	        DW 0                             ; 低字部分：固定为 0
 003C  0020		     1	        DW (($ - DBL_WORDS) / 4 + 1) * 2 ; 高字部分：依次生成 2, 4, 6, ..., 200
 003E  0000		     1	        DW 0                             ; 低字部分：固定为 0
 0040  0022		     1	        DW (($ - DBL_WORDS) / 4 + 1) * 2 ; 高字部分：依次生成 2, 4, 6, ..., 200
 0042  0000		     1	        DW 0                             ; 低字部分：固定为 0
 0044  0024		     1	        DW (($ - DBL_WORDS) / 4 + 1) * 2 ; 高字部分：依次生成 2, 4, 6, ..., 200
 0046  0000		     1	        DW 0                             ; 低字部分：固定为 0
 0048  0026		     1	        DW (($ - DBL_WORDS) / 4 + 1) * 2 ; 高字部分：依次生成 2, 4, 6, ..., 200
 004A  0000		     1	        DW 0                             ; 低字部分：固定为 0
 004C  0028		     1	        DW (($ - DBL_WORDS) / 4 + 1) * 2 ; 高字部分：依次生成 2, 4, 6, ..., 200
 004E  0000		     1	        DW 0                             ; 低字部分：固定为 0
 0050  002A		     1	        DW (($ - DBL_WORDS) / 4 + 1) * 2 ; 高字部分：依次生成 2, 4, 6, ..., 200
 0052  0000		     1	        DW 0                             ; 低字部分：固定为 0
 0054  002C		     1	        DW (($ - DBL_WORDS) / 4 + 1) * 2 ; 高字部分：依次生成 2, 4, 6, ..., 200
 0056  0000		     1	        DW 0                             ; 低字部分：固定为 0
 0058  002E		     1	        DW (($ - DBL_WORDS) / 4 + 1) * 2 ; 高字部分：依次生成 2, 4, 6, ..., 200
 005A  0000		     1	        DW 0                             ; 低字部分：固定为 0
 005C  0030		     1	        DW (($ - DBL_WORDS) / 4 + 1) * 2 ; 高字部分：依次生成 2, 4, 6, ..., 200
 005E  0000		     1	        DW 0                             ; 低字部分：固定为 0
 0060  0032		     1	        DW (($ - DBL_WORDS) / 4 + 1) * 2 ; 高字部分：依次生成 2, 4, 6, ..., 200
 0062  0000		     1	        DW 0                             ; 低字部分：固定为 0
 0064  0034		     1	        DW (($ - DBL_WORDS) / 4 + 1) * 2 ; 高字部分：依次生成 2, 4, 6, ..., 200
 0066  0000		     1	        DW 0                             ; 低字部分：固定为 0
 0068  0036		     1	        DW (($ - DBL_WORDS) / 4 + 1) * 2 ; 高字部分：依次生成 2, 4, 6, ..., 200
 006A  0000		     1	        DW 0                             ; 低字部分：固定为 0
 006C  0038		     1	        DW (($ - DBL_WORDS) / 4 + 1) * 2 ; 高字部分：依次生成 2, 4, 6, ..., 200
 006E  0000		     1	        DW 0                             ; 低字部分：固定为 0
 0070  003A		     1	        DW (($ - DBL_WORDS) / 4 + 1) * 2 ; 高字部分：依次生成 2, 4, 6, ..., 200
 0072  0000		     1	        DW 0                             ; 低字部分：固定为 0
 0074  003C		     1	        DW (($ - DBL_WORDS) / 4 + 1) * 2 ; 高字部分：依次生成 2, 4, 6, ..., 200
 0076  0000		     1	        DW 0                             ; 低字部分：固定为 0
 0078  003E		     1	        DW (($ - DBL_WORDS) / 4 + 1) * 2 ; 高字部分：依次生成 2, 4, 6, ..., 200
 007A  0000		     1	        DW 0                             ; 低字部分：固定为 0
 007C  0040		     1	        DW (($ - DBL_WORDS) / 4 + 1) * 2 ; 高字部分：依次生成 2, 4, 6, ..., 200
 007E  0000		     1	        DW 0                             ; 低字部分：固定为 0
 0080  0042		     1	        DW (($ - DBL_WORDS) / 4 + 1) * 2 ; 高字部分：依次生成 2, 4, 6, ..., 200
 0082  0000		     1	        DW 0                             ; 低字部分：固定为 0
 0084  0044		     1	        DW (($ - DBL_WORDS) / 4 + 1) * 2 ; 高字部分：依次生成 2, 4, 6, ..., 200
 0086  0000		     1	        DW 0                             ; 低字部分：固定为 0
 0088  0046		     1	        DW (($ - DBL_WORDS) / 4 + 1) * 2 ; 高字部分：依次生成 2, 4, 6, ..., 200
 008A  0000		     1	        DW 0                             ; 低字部分：固定为 0
 008C  0048		     1	        DW (($ - DBL_WORDS) / 4 + 1) * 2 ; 高字部分：依次生成 2, 4, 6, ..., 200
 008E  0000		     1	        DW 0                             ; 低字部分：固定为 0
 0090  004A		     1	        DW (($ - DBL_WORDS) / 4 + 1) * 2 ; 高字部分：依次生成 2, 4, 6, ..., 200
 0092  0000		     1	        DW 0                             ; 低字部分：固定为 0
 0094  004C		     1	        DW (($ - DBL_WORDS) / 4 + 1) * 2 ; 高字部分：依次生成 2, 4, 6, ..., 200
 0096  0000		     1	        DW 0                             ; 低字部分：固定为 0
 0098  004E		     1	        DW (($ - DBL_WORDS) / 4 + 1) * 2 ; 高字部分：依次生成 2, 4, 6, ..., 200
 009A  0000		     1	        DW 0                             ; 低字部分：固定为 0
 009C  0050		     1	        DW (($ - DBL_WORDS) / 4 + 1) * 2 ; 高字部分：依次生成 2, 4, 6, ..., 200
 009E  0000		     1	        DW 0                             ; 低字部分：固定为 0
 00A0  0052		     1	        DW (($ - DBL_WORDS) / 4 + 1) * 2 ; 高字部分：依次生成 2, 4, 6, ..., 200
 00A2  0000		     1	        DW 0                             ; 低字部分：固定为 0
 00A4  0054		     1	        DW (($ - DBL_WORDS) / 4 + 1) * 2 ; 高字部分：依次生成 2, 4, 6, ..., 200
 00A6  0000		     1	        DW 0                             ; 低字部分：固定为 0
 00A8  0056		     1	        DW (($ - DBL_WORDS) / 4 + 1) * 2 ; 高字部分：依次生成 2, 4, 6, ..., 200
 00AA  0000		     1	        DW 0                             ; 低字部分：固定为 0
 00AC  0058		     1	        DW (($ - DBL_WORDS) / 4 + 1) * 2 ; 高字部分：依次生成 2, 4, 6, ..., 200
 00AE  0000		     1	        DW 0                             ; 低字部分：固定为 0
 00B0  005A		     1	        DW (($ - DBL_WORDS) / 4 + 1) * 2 ; 高字部分：依次生成 2, 4, 6, ..., 200
 00B2  0000		     1	        DW 0                             ; 低字部分：固定为 0
 00B4  005C		     1	        DW (($ - DBL_WORDS) / 4 + 1) * 2 ; 高字部分：依次生成 2, 4, 6, ..., 200
 00B6  0000		     1	        DW 0                             ; 低字部分：固定为 0
 00B8  005E		     1	        DW (($ - DBL_WORDS) / 4 + 1) * 2 ; 高字部分：依次生成 2, 4, 6, ..., 200
 00BA  0000		     1	        DW 0                             ; 低字部分：固定为 0
 00BC  0060		     1	        DW (($ - DBL_WORDS) / 4 + 1) * 2 ; 高字部分：依次生成 2, 4, 6, ..., 200
 00BE  0000		     1	        DW 0                             ; 低字部分：固定为 0
 00C0  0062		     1	        DW (($ - DBL_WORDS) / 4 + 1) * 2 ; 高字部分：依次生成 2, 4, 6, ..., 200
 00C2  0000		     1	        DW 0                             ; 低字部分：固定为 0
 00C4  0064		     1	        DW (($ - DBL_WORDS) / 4 + 1) * 2 ; 高字部分：依次生成 2, 4, 6, ..., 200
 00C6  0000		     1	        DW 0                             ; 低字部分：固定为 0
 00C8  0066		     1	        DW (($ - DBL_WORDS) / 4 + 1) * 2 ; 高字部分：依次生成 2, 4, 6, ..., 200
 00CA  0000		     1	        DW 0                             ; 低字部分：固定为 0
 00CC  0068		     1	        DW (($ - DBL_WORDS) / 4 + 1) * 2 ; 高字部分：依次生成 2, 4, 6, ..., 200
 00CE  0000		     1	        DW 0                             ; 低字部分：固定为 0
 00D0  006A		     1	        DW (($ - DBL_WORDS) / 4 + 1) * 2 ; 高字部分：依次生成 2, 4, 6, ..., 200
 00D2  0000		     1	        DW 0                             ; 低字部分：固定为 0
 00D4  006C		     1	        DW (($ - DBL_WORDS) / 4 + 1) * 2 ; 高字部分：依次生成 2, 4, 6, ..., 200
 00D6  0000		     1	        DW 0                             ; 低字部分：固定为 0
 00D8  006E		     1	        DW (($ - DBL_WORDS) / 4 + 1) * 2 ; 高字部分：依次生成 2, 4, 6, ..., 200
 00DA  0000		     1	        DW 0                             ; 低字部分：固定为 0
 00DC  0070		     1	        DW (($ - DBL_WORDS) / 4 + 1) * 2 ; 高字部分：依次生成 2, 4, 6, ..., 200
 00DE  0000		     1	        DW 0                             ; 低字部分：固定为 0
 00E0  0072		     1	        DW (($ - DBL_WORDS) / 4 + 1) * 2 ; 高字部分：依次生成 2, 4, 6, ..., 200
 00E2  0000		     1	        DW 0                             ; 低字部分：固定为 0
 00E4  0074		     1	        DW (($ - DBL_WORDS) / 4 + 1) * 2 ; 高字部分：依次生成 2, 4, 6, ..., 200
 00E6  0000		     1	        DW 0                             ; 低字部分：固定为 0
 00E8  0076		     1	        DW (($ - DBL_WORDS) / 4 + 1) * 2 ; 高字部分：依次生成 2, 4, 6, ..., 200
 00EA  0000		     1	        DW 0                             ; 低字部分：固定为 0
 00EC  0078		     1	        DW (($ - DBL_WORDS) / 4 + 1) * 2 ; 高字部分：依次生成 2, 4, 6, ..., 200
 00EE  0000		     1	        DW 0                             ; 低字部分：固定为 0
 00F0  007A		     1	        DW (($ - DBL_WORDS) / 4 + 1) * 2 ; 高字部分：依次生成 2, 4, 6, ..., 200
 00F2  0000		     1	        DW 0                             ; 低字部分：固定为 0
 00F4  007C		     1	        DW (($ - DBL_WORDS) / 4 + 1) * 2 ; 高字部分：依次生成 2, 4, 6, ..., 200
 00F6  0000		     1	        DW 0                             ; 低字部分：固定为 0
 00F8  007E		     1	        DW (($ - DBL_WORDS) / 4 + 1) * 2 ; 高字部分：依次生成 2, 4, 6, ..., 200
 00FA  0000		     1	        DW 0                             ; 低字部分：固定为 0
 00FC  0080		     1	        DW (($ - DBL_WORDS) / 4 + 1) * 2 ; 高字部分：依次生成 2, 4, 6, ..., 200
 00FE  0000		     1	        DW 0                             ; 低字部分：固定为 0
 0100  0082		     1	        DW (($ - DBL_WORDS) / 4 + 1) * 2 ; 高字部分：依次生成 2, 4, 6, ..., 200
 0102  0000		     1	        DW 0                             ; 低字部分：固定为 0
 0104  0084		     1	        DW (($ - DBL_WORDS) / 4 + 1) * 2 ; 高字部分：依次生成 2, 4, 6, ..., 200
 0106  0000		     1	        DW 0                             ; 低字部分：固定为 0
 0108  0086		     1	        DW (($ - DBL_WORDS) / 4 + 1) * 2 ; 高字部分：依次生成 2, 4, 6, ..., 200
 010A  0000		     1	        DW 0                             ; 低字部分：固定为 0
 010C  0088		     1	        DW (($ - DBL_WORDS) / 4 + 1) * 2 ; 高字部分：依次生成 2, 4, 6, ..., 200
 010E  0000		     1	        DW 0                             ; 低字部分：固定为 0
 0110  008A		     1	        DW (($ - DBL_WORDS) / 4 + 1) * 2 ; 高字部分：依次生成 2, 4, 6, ..., 200
 0112  0000		     1	        DW 0                             ; 低字部分：固定为 0
 0114  008C		     1	        DW (($ - DBL_WORDS) / 4 + 1) * 2 ; 高字部分：依次生成 2, 4, 6, ..., 200
 0116  0000		     1	        DW 0                             ; 低字部分：固定为 0
 0118  008E		     1	        DW (($ - DBL_WORDS) / 4 + 1) * 2 ; 高字部分：依次生成 2, 4, 6, ..., 200
 011A  0000		     1	        DW 0                             ; 低字部分：固定为 0
 011C  0090		     1	        DW (($ - DBL_WORDS) / 4 + 1) * 2 ; 高字部分：依次生成 2, 4, 6, ..., 200
 011E  0000		     1	        DW 0                             ; 低字部分：固定为 0
 0120  0092		     1	        DW (($ - DBL_WORDS) / 4 + 1) * 2 ; 高字部分：依次生成 2, 4, 6, ..., 200
 0122  0000		     1	        DW 0                             ; 低字部分：固定为 0
 0124  0094		     1	        DW (($ - DBL_WORDS) / 4 + 1) * 2 ; 高字部分：依次生成 2, 4, 6, ..., 200
 0126  0000		     1	        DW 0                             ; 低字部分：固定为 0
 0128  0096		     1	        DW (($ - DBL_WORDS) / 4 + 1) * 2 ; 高字部分：依次生成 2, 4, 6, ..., 200
 012A  0000		     1	        DW 0                             ; 低字部分：固定为 0
 012C  0098		     1	        DW (($ - DBL_WORDS) / 4 + 1) * 2 ; 高字部分：依次生成 2, 4, 6, ..., 200
 012E  0000		     1	        DW 0                             ; 低字部分：固定为 0
 0130  009A		     1	        DW (($ - DBL_WORDS) / 4 + 1) * 2 ; 高字部分：依次生成 2, 4, 6, ..., 200
 0132  0000		     1	        DW 0                             ; 低字部分：固定为 0
 0134  009C		     1	        DW (($ - DBL_WORDS) / 4 + 1) * 2 ; 高字部分：依次生成 2, 4, 6, ..., 200
 0136  0000		     1	        DW 0                             ; 低字部分：固定为 0
 0138  009E		     1	        DW (($ - DBL_WORDS) / 4 + 1) * 2 ; 高字部分：依次生成 2, 4, 6, ..., 200
 013A  0000		     1	        DW 0                             ; 低字部分：固定为 0
 013C  00A0		     1	        DW (($ - DBL_WORDS) / 4 + 1) * 2 ; 高字部分：依次生成 2, 4, 6, ..., 200
 013E  0000		     1	        DW 0                             ; 低字部分：固定为 0
 0140  00A2		     1	        DW (($ - DBL_WORDS) / 4 + 1) * 2 ; 高字部分：依次生成 2, 4, 6, ..., 200
 0142  0000		     1	        DW 0                             ; 低字部分：固定为 0
 0144  00A4		     1	        DW (($ - DBL_WORDS) / 4 + 1) * 2 ; 高字部分：依次生成 2, 4, 6, ..., 200
 0146  0000		     1	        DW 0                             ; 低字部分：固定为 0
 0148  00A6		     1	        DW (($ - DBL_WORDS) / 4 + 1) * 2 ; 高字部分：依次生成 2, 4, 6, ..., 200
 014A  0000		     1	        DW 0                             ; 低字部分：固定为 0
 014C  00A8		     1	        DW (($ - DBL_WORDS) / 4 + 1) * 2 ; 高字部分：依次生成 2, 4, 6, ..., 200
 014E  0000		     1	        DW 0                             ; 低字部分：固定为 0
 0150  00AA		     1	        DW (($ - DBL_WORDS) / 4 + 1) * 2 ; 高字部分：依次生成 2, 4, 6, ..., 200
 0152  0000		     1	        DW 0                             ; 低字部分：固定为 0
 0154  00AC		     1	        DW (($ - DBL_WORDS) / 4 + 1) * 2 ; 高字部分：依次生成 2, 4, 6, ..., 200
 0156  0000		     1	        DW 0                             ; 低字部分：固定为 0
 0158  00AE		     1	        DW (($ - DBL_WORDS) / 4 + 1) * 2 ; 高字部分：依次生成 2, 4, 6, ..., 200
 015A  0000		     1	        DW 0                             ; 低字部分：固定为 0
 015C  00B0		     1	        DW (($ - DBL_WORDS) / 4 + 1) * 2 ; 高字部分：依次生成 2, 4, 6, ..., 200
 015E  0000		     1	        DW 0                             ; 低字部分：固定为 0
 0160  00B2		     1	        DW (($ - DBL_WORDS) / 4 + 1) * 2 ; 高字部分：依次生成 2, 4, 6, ..., 200
 0162  0000		     1	        DW 0                             ; 低字部分：固定为 0
 0164  00B4		     1	        DW (($ - DBL_WORDS) / 4 + 1) * 2 ; 高字部分：依次生成 2, 4, 6, ..., 200
 0166  0000		     1	        DW 0                             ; 低字部分：固定为 0
 0168  00B6		     1	        DW (($ - DBL_WORDS) / 4 + 1) * 2 ; 高字部分：依次生成 2, 4, 6, ..., 200
 016A  0000		     1	        DW 0                             ; 低字部分：固定为 0
 016C  00B8		     1	        DW (($ - DBL_WORDS) / 4 + 1) * 2 ; 高字部分：依次生成 2, 4, 6, ..., 200
 016E  0000		     1	        DW 0                             ; 低字部分：固定为 0
 0170  00BA		     1	        DW (($ - DBL_WORDS) / 4 + 1) * 2 ; 高字部分：依次生成 2, 4, 6, ..., 200
 0172  0000		     1	        DW 0                             ; 低字部分：固定为 0
 0174  00BC		     1	        DW (($ - DBL_WORDS) / 4 + 1) * 2 ; 高字部分：依次生成 2, 4, 6, ..., 200
 0176  0000		     1	        DW 0                             ; 低字部分：固定为 0
 0178  00BE		     1	        DW (($ - DBL_WORDS) / 4 + 1) * 2 ; 高字部分：依次生成 2, 4, 6, ..., 200
 017A  0000		     1	        DW 0                             ; 低字部分：固定为 0
 017C  00C0		     1	        DW (($ - DBL_WORDS) / 4 + 1) * 2 ; 高字部分：依次生成 2, 4, 6, ..., 200
 017E  0000		     1	        DW 0                             ; 低字部分：固定为 0
 0180  00C2		     1	        DW (($ - DBL_WORDS) / 4 + 1) * 2 ; 高字部分：依次生成 2, 4, 6, ..., 200
 0182  0000		     1	        DW 0                             ; 低字部分：固定为 0
 0184  00C4		     1	        DW (($ - DBL_WORDS) / 4 + 1) * 2 ; 高字部分：依次生成 2, 4, 6, ..., 200
 0186  0000		     1	        DW 0                             ; 低字部分：固定为 0
 0188  00C6		     1	        DW (($ - DBL_WORDS) / 4 + 1) * 2 ; 高字部分：依次生成 2, 4, 6, ..., 200
 018A  0000		     1	        DW 0                             ; 低字部分：固定为 0
 018C  00C8		     1	        DW (($ - DBL_WORDS) / 4 + 1) * 2 ; 高字部分：依次生成 2, 4, 6, ..., 200
 018E  0000		     1	        DW 0                             ; 低字部分：固定为 0
 0190				DATA ENDS

 0000				CODE SEGMENT
				    ASSUME CS:CODE, DS:DATA

 0000				START:
 0000  B8 ---- R		    MOV AX, DATA
 0003  8E D8			    MOV DS, AX

				    ; 程序结束
 0005  B4 4C			    MOV AH, 4CH
 0007  CD 21			    INT 21H

 0009				CODE ENDS
				    END START

Microsoft (R) Macro Assembler Version 6.11		    12/13/24 15:15:32
tempfile.asm						     Symbols 2 - 1




Segments and Groups:

                N a m e                 Size     Length   Align   Combine Class

CODE . . . . . . . . . . . . . .	16 Bit	 0009	  Para	  Private 
DATA . . . . . . . . . . . . . .	16 Bit	 0190	  Para	  Private 


Symbols:

                N a m e                 Type     Value    Attr

DBL_WORDS  . . . . . . . . . . .	DWord	 0000	  DATA	
START  . . . . . . . . . . . . .	L Near	 0000	  CODE	

	   0 Warnings
	   0 Errors
